// Jest Snapshot v1, https://goo.gl/fbAQLP

exports[`Button renders correctly 1`] = `
<div>
  <button
    class="button btn btn-primary"
    type="button"
  >
    Submit
  </button>
</div>
`;
