// Jest Snapshot v1, https://goo.gl/fbAQLP

exports[`Carousel Item renders correctly 1`] = `
<div>
  <div
    class="carousel-item"
  >
    <div
      class="row pt-5 justify-content-center"
    >
      <div
        class="col-9 col-sm-4 col-md-6 col-lg-5"
      >
        <h1
          class="mb-4"
        />
        <p
          class="mb-4"
        />
        <a
          class="btn btn-warning text-white"
          href=""
        >
          Get It Now
        </a>
      </div>
      <div
        class="col-3 col-sm-6 col-md-4 col-lg-4 d-none d-sm-block offset-1"
      >
        <img />
      </div>
    </div>
  </div>
</div>
`;
